[0.041s][info][gc] Using Serial
[23.840s][info][gc] GC(0) Pause Young (Allocation Failure) 4M->2M(15M) 29.791ms
[24.101s][info][gc] GC(1) Pause Young (Allocation Failure) 6M->2M(15M) 28.552ms
[24.195s][info][gc] GC(2) Pause Young (Allocation Failure) 7M->3M(15M) 3.620ms
[25.236s][info][gc] GC(3) Pause Young (Allocation Failure) 7M->4M(15M) 5.508ms
[30.822s][info][gc] GC(4) Pause Young (Allocation Failure) 9M->5M(15M) 7.145ms
[34.998s][info][gc] GC(5) Pause Young (Allocation Failure) 9M->7M(15M) 4.562ms
[35.027s][info][gc] GC(6) Pause Young (Allocation Failure) 11M->8M(15M) 4.064ms
[35.058s][info][gc] GC(7) Pause Young (Allocation Failure) 12M->9M(15M) 3.847ms
[35.078s][info][gc] GC(8) Pause Young (Allocation Failure) 14M->14M(15M) 0.038ms
[35.125s][info][gc] GC(9) Pause Full (Allocation Failure) 14M->6M(15M) 46.091ms
[35.147s][info][gc] GC(10) Pause Young (Allocation Failure) 11M->8M(15M) 4.000ms
[35.172s][info][gc] GC(11) Pause Young (Allocation Failure) 13M->10M(15M) 3.890ms
[35.188s][info][gc] GC(12) Pause Young (Allocation Failure) 14M->14M(15M) 0.037ms
[35.218s][info][gc] GC(13) Pause Full (Allocation Failure) 14M->6M(15M) 29.382ms
[35.235s][info][gc] GC(14) Pause Young (Allocation Failure) 11M->8M(15M) 3.987ms
[51.835s][info][gc] GC(15) Pause Young (Allocation Failure) 13M->9M(15M) 3.352ms
[88.862s][info][gc] GC(16) Pause Young (Allocation Failure) 13M->13M(15M) 0.058ms
[88.901s][info][gc] GC(17) Pause Full (Allocation Failure) 13M->4M(15M) 39.349ms
[91.683s][info][gc] GC(18) Pause Young (Allocation Failure) 9M->6M(15M) 5.728ms
[91.706s][info][gc] GC(19) Pause Young (Allocation Failure) 10M->8M(15M) 6.269ms
[91.728s][info][gc] GC(20) Pause Young (Allocation Failure) 12M->9M(15M) 4.286ms
[91.745s][info][gc] GC(21) Pause Young (Allocation Failure) 13M->13M(15M) 0.056ms
[91.775s][info][gc] GC(22) Pause Full (Allocation Failure) 13M->6M(15M) 30.161ms
[91.793s][info][gc] GC(23) Pause Young (Allocation Failure) 11M->8M(15M) 6.766ms
[91.806s][info][gc] GC(24) Pause Young (Allocation Failure) 13M->10M(15M) 4.097ms
[91.812s][info][gc] GC(25) Pause Young (Allocation Failure) 14M->14M(15M) 0.095ms
[91.836s][info][gc] GC(26) Pause Full (Allocation Failure) 14M->6M(15M) 24.042ms
[91.850s][info][gc] GC(27) Pause Young (Allocation Failure) 11M->8M(15M) 5.650ms
[110.897s][info][gc] GC(28) Pause Young (Allocation Failure) 12M->9M(15M) 3.541ms
[147.913s][info][gc] GC(29) Pause Young (Allocation Failure) 13M->8M(15M) 1.864ms
