[0.030s][info][gc] Using Serial
[2.756s][info][gc] GC(0) Pause Young (Allocation Failure) 4M->2M(15M) 7.523ms
[2.965s][info][gc] GC(1) Pause Young (Allocation Failure) 6M->2M(15M) 4.467ms
[3.059s][info][gc] GC(2) Pause Young (Allocation Failure) 7M->3M(15M) 5.939ms
[3.435s][info][gc] GC(3) Pause Young (Allocation Failure) 7M->4M(15M) 7.153ms
[8.826s][info][gc] GC(4) Pause Young (Allocation Failure) 9M->5M(15M) 9.658ms
[33.103s][info][gc] GC(5) Pause Young (Allocation Failure) 9M->6M(15M) 4.633ms
[33.149s][info][gc] GC(6) Pause Young (Allocation Failure) 10M->7M(15M) 5.192ms
[33.180s][info][gc] GC(7) Pause Young (Allocation Failure) 11M->8M(15M) 4.327ms
[33.208s][info][gc] GC(8) Pause Young (Allocation Failure) 13M->10M(15M) 3.850ms
[33.222s][info][gc] GC(9) Pause Young (Allocation Failure) 14M->14M(15M) 0.041ms
[33.249s][info][gc] GC(10) Pause Full (Allocation Failure) 14M->6M(15M) 27.473ms
[33.271s][info][gc] GC(11) Pause Young (Allocation Failure) 11M->8M(15M) 4.219ms
[33.668s][info][gc] GC(12) Pause Young (Allocation Failure) 12M->9M(15M) 7.415ms
[33.697s][info][gc] GC(13) Pause Young (Allocation Failure) 14M->14M(15M) 0.066ms
[33.728s][info][gc] GC(14) Pause Full (Allocation Failure) 14M->6M(15M) 31.034ms
[33.753s][info][gc] GC(15) Pause Young (Allocation Failure) 10M->8M(15M) 7.353ms
[62.873s][info][gc] GC(16) Pause Young (Allocation Failure) 12M->7M(15M) 1.461ms
[90.813s][info][gc] GC(17) Pause Young (Allocation Failure) 12M->8M(15M) 1.779ms
[90.834s][info][gc] GC(18) Pause Young (Allocation Failure) 12M->9M(15M) 4.368ms
[90.851s][info][gc] GC(19) Pause Young (Allocation Failure) 14M->14M(15M) 0.060ms
[90.874s][info][gc] GC(20) Pause Full (Allocation Failure) 14M->6M(15M) 23.047ms
[90.903s][info][gc] GC(21) Pause Young (Allocation Failure) 11M->8M(15M) 6.937ms
[90.921s][info][gc] GC(22) Pause Young (Allocation Failure) 12M->10M(15M) 7.187ms
[90.932s][info][gc] GC(23) Pause Young (Allocation Failure) 14M->14M(15M) 0.055ms
[90.964s][info][gc] GC(24) Pause Full (Allocation Failure) 14M->6M(15M) 32.220ms
[90.979s][info][gc] GC(25) Pause Young (Allocation Failure) 10M->8M(15M) 4.921ms
[90.990s][info][gc] GC(26) Pause Young (Allocation Failure) 12M->9M(15M) 4.099ms
[90.997s][info][gc] GC(27) Pause Young (Allocation Failure) 14M->14M(15M) 0.044ms
[91.025s][info][gc] GC(28) Pause Full (Allocation Failure) 14M->6M(15M) 27.962ms
[118.091s][info][gc] GC(29) Pause Young (Allocation Failure) 11M->7M(15M) 2.708ms
